[2026-09-15 20:41:50] project  : /home/qasim/hribo_work/pao1
[2026-09-15 20:41:51] snakemake: 8.10.7   conda: conda 26.7.2   container: apptainer version 1.4.5
[2026-09-15 20:41:51] limits   : 8 cores, 6000 MB budget, 1500 MB per job, stop below 3000 MB free on: /mnt/c /home/qasim/hribo_work/pao1
[2026-09-15 20:41:51] log      : /home/qasim/hribo_work/pao1/logs/snakemake_20260915_204150.log
Building DAG of jobs...
Pulling singularity image docker://gelhausr/deepribo:latest.
Your conda installation is not configured to use strict channel priorities. This is however crucial for having robust and correct environments (for details, see https://conda-forge.org/docs/user/tipsandtricks.html). Please consider to configure strict priorities by executing 'conda config --set channel_priority strict'.
Creating conda environment HRIBO/envs/subread.yaml...
Downloading and installing remote packages.
Environment for /home/qasim/hribo_work/pao1/HRIBO/rules/../envs/subread.yaml created (location: .snakemake/conda/1e607777c0d0c5616a031d85763fc5e1_)
Creating conda environment HRIBO/envs/reparation.yaml...
Downloading and installing remote packages.
Environment for /home/qasim/hribo_work/pao1/HRIBO/rules/../envs/reparation.yaml created (location: .snakemake/conda/bea3d2a99e54e9db38f29827e5fa7e57_)
Creating conda environment HRIBO/envs/metageneprofiling.yaml...
Downloading and installing remote packages.
Environment for /home/qasim/hribo_work/pao1/HRIBO/rules/../envs/metageneprofiling.yaml created (location: .snakemake/conda/5399c2d4e7ff1709a899e16ea90badf9_)
Creating conda environment HRIBO/envs/wig.yaml...
Downloading and installing remote packages.
Environment for /home/qasim/hribo_work/pao1/HRIBO/rules/../envs/wig.yaml created (location: .snakemake/conda/3bcd7c24853525a7e734f47e7332949d_)
Creating conda environment HRIBO/envs/pytools.yaml...
Downloading and installing remote packages.
Environment for /home/qasim/hribo_work/pao1/HRIBO/rules/../envs/pytools.yaml created (location: .snakemake/conda/0d091559bc1801de38f96410c86a9fde_)
Creating conda environment HRIBO/envs/plotly.yaml...
Downloading and installing remote packages.
Environment for /home/qasim/hribo_work/pao1/HRIBO/rules/../envs/plotly.yaml created (location: .snakemake/conda/58ae5fce08be9251c3eb71525b9ed0a3_)
Creating conda environment HRIBO/envs/biopython.yaml...
Downloading and installing remote packages.
Environment for /home/qasim/hribo_work/pao1/HRIBO/rules/../envs/biopython.yaml created (location: .snakemake/conda/b33043a0ee221fe145e7e2ea5e217947_)
Creating conda environment HRIBO/envs/gawk.yaml...
Downloading and installing remote packages.
Environment for /home/qasim/hribo_work/pao1/HRIBO/rules/../envs/gawk.yaml created (location: .snakemake/conda/8a41e341253689db94c70ed2f71c4139_)
Creating conda environment HRIBO/envs/multiqc.yaml...
Downloading and installing remote packages.
Environment for /home/qasim/hribo_work/pao1/HRIBO/rules/../envs/multiqc.yaml created (location: .snakemake/conda/eed34cb89ae3029a105cc752afd39ba5_)
Creating conda environment HRIBO/envs/deseq2.yaml...
Downloading and installing remote packages.
Environment for /home/qasim/hribo_work/pao1/HRIBO/rules/../envs/deseq2.yaml created (location: .snakemake/conda/3ecca20d19f06eeeb72ffc04d10d1cbb_)
Creating conda environment HRIBO/envs/samtools.yaml...
Downloading and installing remote packages.
Environment for /home/qasim/hribo_work/pao1/HRIBO/rules/../envs/samtools.yaml created (location: .snakemake/conda/e4e8d879a2e99e8eada81c1d01b59187_)
Creating conda environment HRIBO/envs/coverage.yaml...
Downloading and installing remote packages.
Environment for /home/qasim/hribo_work/pao1/HRIBO/rules/../envs/coverage.yaml created (location: .snakemake/conda/b0887e12b6a3115a0800503ce8b0b0f4_)
Creating conda environment HRIBO/envs/mergetools.yaml...
Downloading and installing remote packages.
Environment for /home/qasim/hribo_work/pao1/HRIBO/rules/../envs/mergetools.yaml created (location: .snakemake/conda/7d1806eb8cf01f4bb08bc6d776e0a631_)
Creating conda environment HRIBO/envs/cutadapt.yaml...
Downloading and installing remote packages.
Environment for /home/qasim/hribo_work/pao1/HRIBO/rules/../envs/cutadapt.yaml created (location: .snakemake/conda/43b30da5ce08f3e3cf99cb13c6367f13_)
Creating conda environment HRIBO/envs/excel.yaml...
Downloading and installing remote packages.
Environment for /home/qasim/hribo_work/pao1/HRIBO/rules/../envs/excel.yaml created (location: .snakemake/conda/fa51360e7b638753ab3668d175d3d552_)
Creating conda environment HRIBO/envs/fastqc.yaml...
Downloading and installing remote packages.
Environment for /home/qasim/hribo_work/pao1/HRIBO/rules/../envs/fastqc.yaml created (location: .snakemake/conda/5b4d927bb74a0bfad74ab2e26c8a2a2c_)
Creating conda environment HRIBO/envs/segemehl.yaml...
Downloading and installing remote packages.
Environment for /home/qasim/hribo_work/pao1/HRIBO/rules/../envs/segemehl.yaml created (location: .snakemake/conda/36cf51732b98ea60d9a0b7593ed0e69b_)
Creating conda environment HRIBO/envs/bedtools.yaml...
Downloading and installing remote packages.
Environment for /home/qasim/hribo_work/pao1/HRIBO/rules/../envs/bedtools.yaml created (location: .snakemake/conda/5d78150d6c2bcb941ea97861fbf2f2bc_)
Sample sheet validated! No errors found!
Config file validated! No errors found!
[2026-09-15 20:58:26] snakemake finished with exit status 0
exit=0
