Assuming unrestricted shared filesystem usage.
Building DAG of jobs...
Your conda installation is not configured to use strict channel priorities. This is however crucial for having robust and correct environments (for details, see https://conda-forge.org/docs/user/tipsandtricks.html). Please consider to configure strict priorities by executing 'conda config --set channel_priority strict'.
Creating conda environment HRIBO/envs/reparation.yaml...
Downloading and installing remote packages.
Environment for /home/qasim/hribo_work/pao1/HRIBO/rules/../envs/reparation.yaml created (location: .snakemake/conda/14bed684a89303115f79cf88642513a2_)
Using shell: /usr/bin/bash
Provided cores: 8
Rules claiming more threads will be scaled down.
Provided resources: mem_mb=6000, reparation_instances=1
Job stats:
job                               count
------------------------------  -------
all                                   1
concatReparation                      1
createExcelSummary                    1
createOverviewTablePredictions        1
filterAll                             1
generateReparationReadCounts          1
mapReparationReads                    1
mergeAll                              1
mergeConditions                       1
metageneProfiling                     1
plotPCA                               1
readLengthStatistics                  1
reannotatedORFs                       1
reparation                            1
reparationGFF                         1
runDeseqPreprocessing                 1
total                                16

Select jobs to execute...
Execute 1 jobs...

[Tue Sep 15 22:27:43 2026]
localrule reparation:
    input: genomes/genome.fa, annotation/annotation_processed.gff, uniprotDB/uniprot_sprot.fasta, bam/RIBO-GLY-1.bam, maplink/RIBO-GLY-1.bam.bai
    output: reparation/GLY-1/Predicted_ORFs.txt, reparation/GLY-1/metagene_profile.pdf, reparation/GLY-1/PR_and_ROC_curve.pdf, reparation/GLY-1/p_site_offset.png, reparation/GLY-1/S_Curve.pdf
    log: logs/GLY-1_reparation.log
    jobid: 145
    reason: Missing output files: reparation/GLY-1/Predicted_ORFs.txt
    wildcards: condition=GLY, replicate=1
    threads: 8
    resources: mem_mb=1500, mem_mib=1431, disk_mb=4000, disk_mib=3815, tmpdir=/home/qasim/hribo_work/pao1/tmp, reparation_instances=1


        mkdir -p reparation/GLY-1
        mkdir -p reparation/GLY-1/tmp
        reparation.pl -bam bam/RIBO-GLY-1.bam -g genomes/genome.fa -gtf annotation/annotation_processed.gff -db uniprotDB/uniprot_sprot.fasta -out reparation/GLY-1 -threads 8
        
Activating conda environment: .snakemake/conda/14bed684a89303115f79cf88642513a2_
/home/qasim/hribo_work/pao1/.snakemake/conda/14bed684a89303115f79cf88642513a2_/bin/prodigal

BAM index file located. Advancing...
Generate positive set...
perl /home/qasim/hribo_work/pao1/.snakemake/conda/14bed684a89303115f79cf88642513a2_/bin/scripts/positive_set.pl genomes/genome.fa uniprotDB/uniprot_sprot.fasta /home/qasim/hribo_work/pao1/reparation/GLY-1//tmp/positive_set.txt 22 40 30 0.75 1e-05 ATG,GTG,TTG 1 /home/qasim/hribo_work/pao1/reparation/GLY-1/ /home/qasim/hribo_work/pao1/.snakemake/conda/14bed684a89303115f79cf88642513a2_/bin/scripts 8 N 11

Generating positive samples training set using Prodigal...
Temporary folder /home/qasim/hribo_work/pao1/reparation/GLY-1//tmp already created.
Creating database using makeblastdb...
Generating positive_set_unprocessed.bls using blastp...
Removing values below identity threshold...
Total number of ORFs in positive set 1626
Set of Positive examples created.
Done.

metagene generate -q /home/qasim/hribo_work/pao1/reparation/GLY-1//tmp/plastid --landmark cds_start --annotation_files /home/qasim/hribo_work/pao1/reparation/GLY-1//tmp/positive.gtf 2> /home/qasim/hribo_work/pao1/reparation/GLY-1//logs/metagene823158126.log
psite /home/qasim/hribo_work/pao1/reparation/GLY-1//tmp/plastid_rois.txt /home/qasim/hribo_work/pao1/reparation/GLY-1//tmp/plastid --min_length 22 --max_length 40 --require_upstream --count_files bam/RIBO-GLY-1.bam 2> /home/qasim/hribo_work/pao1/reparation/GLY-1//logs/psite823158126.log
touch /home/qasim/hribo_work/pao1/reparation/GLY-1//tmp/plastid_p_offsets.txt; touch /home/qasim/hribo_work/pao1/reparation/GLY-1//tmp/plastid_p_offsets.png;Error copying psite_off_output: /home/qasim/hribo_work/pao1/reparation/GLY-1//tmp/plastid_p_offsets.txt /home/qasim/hribo_work/pao1/reparation/GLY-1//p_site_offsets.txt Error copying p_offset.png: /home/qasim/hribo_work/pao1/reparation/GLY-1//tmp/plastid_p_offsets.png /home/qasim/hribo_work/pao1/reparation/GLY-1//p_site_offset.png Generating ribosome occupancy file..
python /home/qasim/hribo_work/pao1/.snakemake/conda/14bed684a89303115f79cf88642513a2_/bin/scripts/Ribo_seq_occupancy.py bam/RIBO-GLY-1.bam 1 22 40 /home/qasim/hribo_work/pao1/reparation/GLY-1//Ribo-seq_Sense_1.bedgraph /home/qasim/hribo_work/pao1/reparation/GLY-1//Ribo-seq_AntiSense_1.bedgraph /home/qasim/hribo_work/pao1/reparation/GLY-1//Ribo-seq_1_occupancy.txt Ribo-seq_Sense_1 Ribo-seq_AntiSense_1 /home/qasim/hribo_work/pao1/reparation/GLY-1//p_site_offsets.txt

Total number of mappable reads 639010
Total number of unmapped reads 0
Done.

Generate all possible ORFs...
perl /home/qasim/hribo_work/pao1/.snakemake/conda/14bed684a89303115f79cf88642513a2_/bin/scripts/generate_all_ORFs.pl genomes/genome.fa /home/qasim/hribo_work/pao1/reparation/GLY-1//Ribo-seq_1_occupancy.txt /home/qasim/hribo_work/pao1/reparation/GLY-1//tmp/positive_set.txt /home/qasim/hribo_work/pao1/reparation/GLY-1//tmp/all_valid_ORFs.txt 30 45 21 5 GGAGG ATG,GTG,TTG,ATG,GTG,TTG,CTG /home/qasim/hribo_work/pao1/reparation/GLY-1/ /home/qasim/hribo_work/pao1/.snakemake/conda/14bed684a89303115f79cf88642513a2_/bin/scripts 8


Number of sequences used in SD scoring training set 1227
Markov Threshold score -6.66623758613785
Prefect Markov Score -1.68456977769463
Total number of ORFs generated 688471.
ORF Ribo-seq info written to file.
Done.

Meta-genic plots
perl /home/qasim/hribo_work/pao1/.snakemake/conda/14bed684a89303115f79cf88642513a2_/bin/scripts/profiles.pl /home/qasim/hribo_work/pao1/reparation/GLY-1//tmp/positive_set.txt /home/qasim/hribo_work/pao1/reparation/GLY-1//Ribo-seq_1_occupancy.txt 3 /home/qasim/hribo_work/pao1/reparation/GLY-1/ /home/qasim/hribo_work/pao1/.snakemake/conda/14bed684a89303115f79cf88642513a2_/bin/scripts


Done.

Performing ORF prediction analysis..
Rscript /home/qasim/hribo_work/pao1/.snakemake/conda/14bed684a89303115f79cf88642513a2_/bin/scripts/Random_Forest.R /home/qasim/hribo_work/pao1/reparation/GLY-1//tmp/all_valid_ORFs.txt /home/qasim/hribo_work/pao1/reparation/GLY-1//tmp/positive_set.txt /home/qasim/hribo_work/pao1/reparation/GLY-1/ ATG,GTG,TTG CTG Y 0.5


Warning message:
package ‘ggplot2’ was built under R version 4.2.3 
Warning message:
package ‘randomForest’ was built under R version 4.2.3 
Warning message:
package ‘ROCR’ was built under R version 4.2.3 
Warning message:
package ‘PRROC’ was built under R version 4.2.3 
Warning message:
package ‘SiZer’ was built under R version 4.2.3 
Minimum Log Read density  0 
Minimum ORF coverage  0 
Total number of ORFs in positive set  1106 
Number of ORFs in negative Set  11156 
Total number of valid ORFs for prediction  72485 
Total number of valid ORF families  19468 
Precision  0.6139601 
Recall  0.3896926 
Total number of ORF families predicted  2071 
Done.

Cleaning up RF predictions..
perl /home/qasim/hribo_work/pao1/.snakemake/conda/14bed684a89303115f79cf88642513a2_/bin/scripts/post_processing.pl /home/qasim/hribo_work/pao1/reparation/GLY-1//tmp/RF_predicted_ORFs.txt genomes/genome.fa /home/qasim/hribo_work/pao1/reparation/GLY-1//Ribo-seq_1_occupancy.txt /home/qasim/hribo_work/pao1/reparation/GLY-1//Predicted_ORFs /home/qasim/hribo_work/pao1/reparation/GLY-1//tmp/threshold.txt 45 3 /home/qasim/hribo_work/pao1/reparation/GLY-1//Predicted_ORFs.txt /home/qasim/hribo_work/pao1/reparation/GLY-1//Predicted_ORFs.bed /home/qasim/hribo_work/pao1/reparation/GLY-1//Predicted_ORFs.fasta annotation/annotation_processed.gff

Total number of ORFs Identified 1965
number of close proximity variants 0
Number of annotated ORFs 0
Number of truncations ORFs 0
Number of 5' extension ORFs 0
Number of Intergenic ORFs 1965
Number of 3' truncation 0
Number of Reverse ORFs 0
Number of ncRNA ORFs 0
Done.


Total running time: 00:44:10

[Tue Sep 15 23:11:55 2026]
Finished job 145.
1 of 16 steps (6%) done
Select jobs to execute...
Execute 4 jobs...

[Tue Sep 15 23:11:55 2026]
localrule runDeseqPreprocessing:
    input: pca/raw_reads.csv, pca/meta.csv
    output: pca/raw_count_distributions.pdf, pca/mean_vs_variance.pdf, pca/normalized_counts.tsv, pca/rld.tsv, pca/variance_percentages.tsv, pca/rld_cor.tsv
    jobid: 76
    reason: Missing output files: pca/rld.tsv, pca/variance_percentages.tsv, pca/rld_cor.tsv
    resources: mem_mb=1500, mem_mib=1431, disk_mb=4000, disk_mib=3815, tmpdir=/home/qasim/hribo_work/pao1/tmp


        mkdir -p pca;
        HRIBO/scripts/analyse_variance.R -r pca/raw_reads.csv -m pca/meta.csv -o pca/;
        
Activating conda environment: .snakemake/conda/3ecca20d19f06eeeb72ffc04d10d1cbb_

[Tue Sep 15 23:11:55 2026]
localrule metageneProfiling:
    input: maplink/RIBO-GLY-1.bam, maplink/RIBO-GLY-1.bam.bai, genomes/genome.fa, annotation/annotation_processed.gff
    output: metageneprofiling/RIBO-GLY-1
    log: logs/RIBO-GLY-1_metageneprofiling.log
    jobid: 1
    reason: Missing output files: metageneprofiling/RIBO-GLY-1
    wildcards: method=RIBO, condition=GLY, replicate=1
    resources: mem_mb=1500, mem_mib=1431, disk_mb=4000, disk_mib=3815, tmpdir=/home/qasim/hribo_work/pao1/tmp


        mkdir -p metageneprofiling;
        if [ nocolor == nocolor ]; then
            colorList="";
        else
            colorList="--color_list nocolor";
        fi;
        HRIBO/scripts/metagene_profiling.py -b maplink/RIBO-GLY-1.bam -g genomes/genome.fa -a annotation/annotation_processed.gff -o metageneprofiling/RIBO-GLY-1             --read_lengths 25-34             --normalization_methods raw cpm window             --mapping_methods fiveprime threeprime             --positions_in_ORF 150             --positions_out_ORF 100             --filtering_method overlap length rpkm             --neighboring_genes_distance 50             --rpkm_threshold 10.0             --length_cutoff 50             --output_formats interactive svg             --include_plotly_js online             ${colorList}; > logs/RIBO-GLY-1_metageneprofiling.log
        
Activating conda environment: .snakemake/conda/db9397abbde3d1ea1d4eb273df148f22_

[Tue Sep 15 23:11:55 2026]
localrule reparationGFF:
    input: reparation/GLY-1/Predicted_ORFs.txt
    output: reparation/GLY-1.reparation.gff
    jobid: 144
    reason: Missing output files: reparation/GLY-1.reparation.gff; Input files updated by another job: reparation/GLY-1/Predicted_ORFs.txt
    wildcards: condition=GLY, replicate=1
    resources: mem_mb=1500, mem_mib=1431, disk_mb=4000, disk_mib=3815, tmpdir=/home/qasim/hribo_work/pao1/tmp

mkdir -p tracks; HRIBO/scripts/create_reparation_gff.py -c GLY -r 1 -i reparation/GLY-1/Predicted_ORFs.txt -o reparation/GLY-1.reparation.gff
Activating conda environment: .snakemake/conda/7d1806eb8cf01f4bb08bc6d776e0a631_

[Tue Sep 15 23:11:55 2026]
localrule readLengthStatistics:
    input: maplink/RIBO-GLY-1.bam, maplink/RIBO-GLY-1.bam.bai
    output: metageneprofiling/read_length_fractions.html, metageneprofiling/read_length_fractions.xlsx, metageneprofiling/read_length_counts.xlsx
    log: logs/read_length_statistics.log
    jobid: 18
    reason: Missing output files: metageneprofiling/read_length_fractions.html
    resources: mem_mb=1500, mem_mib=1431, disk_mb=4000, disk_mib=3815, tmpdir=/home/qasim/hribo_work/pao1/tmp


        mkdir -p metageneprofiling;
        HRIBO/scripts/read_length_statistics.py -a maplink/RIBO-GLY-1.bam -r 10-80 -o metageneprofiling/ > logs/read_length_statistics.log
        
Activating conda environment: .snakemake/conda/db9397abbde3d1ea1d4eb273df148f22_
[Tue Sep 15 23:11:57 2026]
Finished job 144.
2 of 16 steps (12%) done
Select jobs to execute...
Execute 1 jobs...

[Tue Sep 15 23:11:57 2026]
localrule concatReparation:
    input: reparation/GLY-1.reparation.gff
    output: tracks/GLY.reparation.gff
    jobid: 143
    reason: Missing output files: tracks/GLY.reparation.gff; Input files updated by another job: reparation/GLY-1.reparation.gff
    wildcards: condition=GLY
    resources: mem_mb=1500, mem_mib=1431, disk_mb=4000, disk_mib=3815, tmpdir=/home/qasim/hribo_work/pao1/tmp

mkdir -p tracks; HRIBO/scripts/concatenate_gff.py reparation/GLY-1.reparation.gff -o tracks/GLY.reparation.gff
Activating conda environment: .snakemake/conda/7d1806eb8cf01f4bb08bc6d776e0a631_
Loading required package: S4Vectors
Loading required package: stats4
Loading required package: BiocGenerics

Attaching package: ‘BiocGenerics’

The following objects are masked from ‘package:stats’:

    IQR, mad, sd, var, xtabs

The following objects are masked from ‘package:base’:

    anyDuplicated, aperm, append, as.data.frame, basename, cbind,
    colnames, dirname, do.call, duplicated, eval, evalq, Filter, Find,
    get, grep, grepl, intersect, is.unsorted, lapply, Map, mapply,
    match, mget, order, paste, pmax, pmax.int, pmin, pmin.int,
    Position, rank, rbind, Reduce, rownames, sapply, setdiff, sort,
    table, tapply, union, unique, unsplit, which.max, which.min

[Tue Sep 15 23:11:58 2026]
Finished job 143.
3 of 16 steps (19%) done
Select jobs to execute...
Execute 1 jobs...

[Tue Sep 15 23:11:58 2026]
localrule mergeConditions:
    input: tracks/GLY.reparation.gff
    output: tracks/GLY.merged.gff
    jobid: 142
    reason: Missing output files: tracks/GLY.merged.gff; Input files updated by another job: tracks/GLY.reparation.gff
    wildcards: condition=GLY
    resources: mem_mb=1500, mem_mib=1431, disk_mb=4000, disk_mib=3815, tmpdir=/home/qasim/hribo_work/pao1/tmp

mkdir -p tracks; cat tracks/GLY.reparation.gff >> tracks/GLY.merged.gff.unsorted; bedtools sort -i tracks/GLY.merged.gff.unsorted > tracks/GLY.merged.gff;
Activating conda environment: .snakemake/conda/5d78150d6c2bcb941ea97861fbf2f2bc_

Attaching package: ‘S4Vectors’

The following object is masked from ‘package:utils’:

    findMatches

The following objects are masked from ‘package:base’:

    expand.grid, I, unname

Loading required package: IRanges
[Tue Sep 15 23:11:58 2026]
Finished job 142.
4 of 16 steps (25%) done
Select jobs to execute...
Execute 1 jobs...

[Tue Sep 15 23:11:58 2026]
localrule mergeAll:
    input: tracks/GLY.merged.gff
    output: tracks/all.gff
    jobid: 141
    reason: Missing output files: tracks/all.gff; Input files updated by another job: tracks/GLY.merged.gff
    resources: mem_mb=1500, mem_mib=1431, disk_mb=4000, disk_mib=3815, tmpdir=/home/qasim/hribo_work/pao1/tmp

mkdir -p tracks; HRIBO/scripts/concatenate_gff.py tracks/GLY.merged.gff -o tracks/all.gff
Activating conda environment: .snakemake/conda/7d1806eb8cf01f4bb08bc6d776e0a631_
Loading required package: GenomicRanges
Loading required package: GenomeInfoDb
[Tue Sep 15 23:11:59 2026]
Finished job 18.
5 of 16 steps (31%) done
[Tue Sep 15 23:11:59 2026]
Finished job 141.
6 of 16 steps (38%) done
Select jobs to execute...
Execute 1 jobs...

[Tue Sep 15 23:11:59 2026]
localrule filterAll:
    input: tracks/all.gff
    output: tracks/reparation.gff
    jobid: 140
    reason: Missing output files: tracks/reparation.gff; Input files updated by another job: tracks/all.gff
    resources: mem_mb=1500, mem_mib=1431, disk_mb=4000, disk_mib=3815, tmpdir=/home/qasim/hribo_work/pao1/tmp

mkdir -p tracks; HRIBO/scripts/merge_duplicates_reparation.py -i tracks/all.gff -o tracks/reparation.gff
Activating conda environment: .snakemake/conda/7d1806eb8cf01f4bb08bc6d776e0a631_
Loading required package: SummarizedExperiment
Loading required package: MatrixGenerics
Loading required package: matrixStats

Attaching package: ‘MatrixGenerics’

The following objects are masked from ‘package:matrixStats’:

    colAlls, colAnyNAs, colAnys, colAvgsPerRowSet, colCollapse,
    colCounts, colCummaxs, colCummins, colCumprods, colCumsums,
    colDiffs, colIQRDiffs, colIQRs, colLogSumExps, colMadDiffs,
    colMads, colMaxs, colMeans2, colMedians, colMins, colOrderStats,
    colProds, colQuantiles, colRanges, colRanks, colSdDiffs, colSds,
    colSums2, colTabulates, colVarDiffs, colVars, colWeightedMads,
    colWeightedMeans, colWeightedMedians, colWeightedSds,
    colWeightedVars, rowAlls, rowAnyNAs, rowAnys, rowAvgsPerColSet,
    rowCollapse, rowCounts, rowCummaxs, rowCummins, rowCumprods,
    rowCumsums, rowDiffs, rowIQRDiffs, rowIQRs, rowLogSumExps,
    rowMadDiffs, rowMads, rowMaxs, rowMeans2, rowMedians, rowMins,
    rowOrderStats, rowProds, rowQuantiles, rowRanges, rowRanks,
    rowSdDiffs, rowSds, rowSums2, rowTabulates, rowVarDiffs, rowVars,
    rowWeightedMads, rowWeightedMeans, rowWeightedMedians,
    rowWeightedSds, rowWeightedVars

Loading required package: Biobase
[Tue Sep 15 23:12:00 2026]
Finished job 140.
7 of 16 steps (44%) done
Select jobs to execute...
Execute 1 jobs...

[Tue Sep 15 23:12:00 2026]
localrule reannotatedORFs:
    input: annotation/annotation_processed.gff, tracks/reparation.gff
    output: tracks/reparation_annotated.gff
    jobid: 139
    reason: Missing output files: tracks/reparation_annotated.gff; Input files updated by another job: tracks/reparation.gff
    resources: mem_mb=1500, mem_mib=1431, disk_mb=4000, disk_mib=3815, tmpdir=/home/qasim/hribo_work/pao1/tmp

mkdir -p tracks; HRIBO/scripts/reannotate_orfs.py -a annotation/annotation_processed.gff -c tracks/reparation.gff -o tracks/reparation_annotated.gff
Activating conda environment: .snakemake/conda/7d1806eb8cf01f4bb08bc6d776e0a631_
Welcome to Bioconductor

    Vignettes contain introductory material; view with
    'browseVignettes()'. To cite Bioconductor, see
    'citation("Biobase")', and for packages 'citation("pkgname")'.


Attaching package: ‘Biobase’

The following object is masked from ‘package:MatrixGenerics’:

    rowMedians

The following objects are masked from ‘package:matrixStats’:

    anyMissing, rowMedians

[Tue Sep 15 23:12:00 2026]
Finished job 139.
8 of 16 steps (50%) done
Select jobs to execute...
Execute 1 jobs...

[Tue Sep 15 23:12:00 2026]
localrule generateReparationReadCounts:
    input: maplink/RIBO-GLY-1.bam, maplink/RNA-GLY-1.bam, maplink/RIBO-GLY-1.bam.bai, maplink/RNA-GLY-1.bam.bai, tracks/reparation_annotated.gff
    output: readcounts/reparation_read_counts.raw
    jobid: 138
    reason: Missing output files: readcounts/reparation_read_counts.raw; Input files updated by another job: tracks/reparation_annotated.gff
    threads: 5
    resources: mem_mb=1500, mem_mib=1431, disk_mb=4000, disk_mib=3815, tmpdir=/home/qasim/hribo_work/pao1/tmp


        mkdir -p readcounts
        HRIBO/scripts/call_featurecounts.py -b maplink/RIBO-GLY-1.bam maplink/RNA-GLY-1.bam -s 1 --with_O -o readcounts/reparation_read_counts.raw -t 5 -a tracks/reparation_annotated.gff
        
Activating conda environment: .snakemake/conda/1e607777c0d0c5616a031d85763fc5e1_

        ==========     _____ _    _ ____  _____  ______          _____  
        =====         / ____| |  | |  _ \|  __ \|  ____|   /\   |  __ \ 
          =====      | (___ | |  | | |_) | |__) | |__     /  \  | |  | |
            ====      \___ \| |  | |  _ <|  _  /|  __|   / /\ \ | |  | |
              ====    ____) | |__| | |_) | | \ \| |____ / ____ \| |__| |
        ==========   |_____/ \____/|____/|_|  \_\______/_/    \_\_____/
	  v2.0.1

//========================== featureCounts setting ===========================\\
||                                                                            ||
||             Input files : 2 BAM files                                      ||
||                           o RIBO-GLY-1.bam                                 ||
||                           o RNA-GLY-1.bam                                  ||
||                                                                            ||
||             Output file : reparation_read_counts.tmp                       ||
||                 Summary : reparation_read_counts.tmp.summary               ||
||              Annotation : reparation_annotated.gff (GTF)                   ||
||      Dir for temp files : readcounts                                       ||
||                                                                            ||
||                 Threads : 5                                                ||
||                   Level : meta-feature level                               ||
||              Paired-end : no                                               ||
||      Multimapping reads : not counted                                      ||
|| Multi-overlapping reads : counted                                          ||
||   Min overlapping bases : 1                                                ||
||                                                                            ||
\\============================================================================//

//================================= Running ==================================\\
||                                                                            ||
|| Load annotation file reparation_annotated.gff ...                          ||
||    Features : 1965                                                         ||
||    Meta-features : 1965                                                    ||
||    Chromosomes/contigs : 1                                                 ||
||                                                                            ||
|| Process BAM file RIBO-GLY-1.bam...                                         ||
||    Strand specific : stranded                                              ||
||    Single-end reads are included.                                          ||
||    Total alignments : 639010                                               ||
||    Successfully assigned alignments : 485882 (76.0%)                       ||
||    Running time : 0.01 minutes                                             ||
||                                                                            ||
|| Process BAM file RNA-GLY-1.bam...                                          ||
||    Strand specific : stranded                                              ||
||    Single-end reads are included.                                          ||
||    Total alignments : 382107                                               ||
||    Successfully assigned alignments : 191981 (50.2%)                       ||
||    Running time : 0.01 minutes                                             ||
||                                                                            ||
|| Write the final count table.                                               ||
|| Write the read assignment summary.                                         ||
||                                                                            ||
|| Summary of counting results can be found in file "readcounts/reparation_r  ||
|| ead_counts.tmp.summary"                                                    ||
||                                                                            ||
\\============================================================================//

featureCounts -t CDS  -a tracks/reparation_annotated.gff -F GTF -g ID -s 1 -T 5 -o readcounts/reparation_read_counts.tmp -O maplink/RIBO-GLY-1.bam maplink/RNA-GLY-1.bam
[Tue Sep 15 23:12:03 2026]
Finished job 138.
9 of 16 steps (56%) done
Select jobs to execute...
Execute 1 jobs...

[Tue Sep 15 23:12:03 2026]
localrule mapReparationReads:
    input: readcounts/reparation_read_counts.raw, tracks/reparation_annotated.gff
    output: readcounts/reparation_annotation.gff
    jobid: 137
    reason: Missing output files: readcounts/reparation_annotation.gff; Input files updated by another job: readcounts/reparation_read_counts.raw, tracks/reparation_annotated.gff
    resources: mem_mb=1500, mem_mib=1431, disk_mb=4000, disk_mib=3815, tmpdir=/home/qasim/hribo_work/pao1/tmp


        mkdir -p readcounts; HRIBO/scripts/map_reads_to_annotation.py -i readcounts/reparation_read_counts.raw -a tracks/reparation_annotated.gff -o readcounts/reparation_annotation.gff
        
Activating conda environment: .snakemake/conda/7d1806eb8cf01f4bb08bc6d776e0a631_

Attaching package: ‘plyr’

The following object is masked from ‘package:matrixStats’:

    count

The following object is masked from ‘package:IRanges’:

    desc

The following object is masked from ‘package:S4Vectors’:

    rename

[1] "data.frame"
[1] "data.frame"
[Tue Sep 15 23:12:04 2026]
Finished job 137.
10 of 16 steps (62%) done
Select jobs to execute...
Execute 2 jobs...

[Tue Sep 15 23:12:04 2026]
localrule createOverviewTablePredictions:
    input: readcounts/independant_annotation.gff, genomes/genome.fa, readcounts/bam_mapped_reads.txt, readcounts/reparation_annotation.gff, readcounts/deepribo_annotation.gff
    output: auxiliary/overview.xlsx
    jobid: 160
    reason: Missing output files: auxiliary/overview.xlsx; Input files updated by another job: readcounts/reparation_annotation.gff
    resources: mem_mb=1500, mem_mib=1431, disk_mb=4000, disk_mib=3815, tmpdir=/home/qasim/hribo_work/pao1/tmp


        mkdir -p auxiliary;
        if [ -z  ]
        then
            HRIBO/scripts/generate_excel_overview.py -a readcounts/independant_annotation.gff -g genomes/genome.fa -t readcounts/bam_mapped_reads.txt --mapped_reads_deepribo readcounts/deepribo_annotation.gff --mapped_reads_reparation readcounts/reparation_annotation.gff -o auxiliary/overview.xlsx
        else
            HRIBO/scripts/generate_excel_overview.py -a readcounts/independant_annotation.gff -c   -g genomes/genome.fa -t readcounts/bam_mapped_reads.txt --mapped_reads_deepribo readcounts/deepribo_annotation.gff --mapped_reads_reparation readcounts/reparation_annotation.gff -o auxiliary/overview.xlsx
        fi
        
Activating conda environment: .snakemake/conda/fa51360e7b638753ab3668d175d3d552_

[Tue Sep 15 23:12:04 2026]
localrule createExcelSummary:
    input: readcounts/bam_mapped_reads.txt, readcounts/reparation_annotation.gff, genomes/genome.fa
    output: auxiliary/predictions_reparation.xlsx
    jobid: 136
    reason: Missing output files: auxiliary/predictions_reparation.xlsx; Input files updated by another job: readcounts/reparation_annotation.gff
    resources: mem_mb=1500, mem_mib=1431, disk_mb=4000, disk_mib=3815, tmpdir=/home/qasim/hribo_work/pao1/tmp

mkdir -p auxiliary; HRIBO/scripts/generate_excel_reparation.py -t readcounts/bam_mapped_reads.txt -r readcounts/reparation_annotation.gff -g genomes/genome.fa -o auxiliary/predictions_reparation.xlsx
Activating conda environment: .snakemake/conda/fa51360e7b638753ab3668d175d3d552_
null device 
          1 
Warning messages:
1: In scale_x_log10() : log-10 transformation introduced infinite values.
2: In scale_y_log10() : log-10 transformation introduced infinite values.
3: In scale_x_log10() : log-10 transformation introduced infinite values.
4: Removed 5573 rows containing missing values or values outside the scale range
(`geom_point()`). 
5: In scale_x_log10() : log-10 transformation introduced infinite values.
6: In scale_y_log10() : log-10 transformation introduced infinite values.
7: In scale_x_log10() : log-10 transformation introduced infinite values.
8: Removed 5573 rows containing missing values or values outside the scale range
(`geom_point()`). 
null device 
          1 
[1] TRUE
[1] TRUE
Warning message:
In DESeqDataSet(se, design = design, ignoreRank) :
  some variables in design formula are characters, converting to factors
[Tue Sep 15 23:12:08 2026]
Finished job 136.
11 of 16 steps (69%) done
Error in pca$x[, 3] : subscript out of bounds
Calls: write_pca_info -> data.frame
Execution halted
Reading alignment file: RIBO-GLY-1
Excluded genes:
>>Entry removal based on overlap: 3000
>>Entry removal based on length: 6
>>Entry removal based on rpkm: 622
>>Entry removal based on type: 6442
>>Entry removal based on error: 0
Included genes: 1945
Excluded genes:
>>Entry removal based on overlap: 3000
>>Entry removal based on length: 6
>>Entry removal based on rpkm: 606
>>Entry removal based on type: 6442
>>Entry removal based on error: 0
Included genes: 1961
Excluded genes:
>>Entry removal based on overlap: 3000
>>Entry removal based on length: 6
>>Entry removal based on rpkm: 622
>>Entry removal based on type: 6442
>>Entry removal based on error: 0
Included genes: 1945
Excluded genes:
>>Entry removal based on overlap: 3000
>>Entry removal based on length: 6
>>Entry removal based on rpkm: 606
>>Entry removal based on type: 6442
>>Entry removal based on error: 0
Included genes: 1961
Excluded genes:
>>Entry removal based on overlap: 3000
>>Entry removal based on length: 6
>>Entry removal based on rpkm: 622
>>Entry removal based on type: 6442
>>Entry removal based on error: 0
Included genes: 1945
Excluded genes:
>>Entry removal based on overlap: 3000
>>Entry removal based on length: 6
>>Entry removal based on rpkm: 606
>>Entry removal based on type: 6442
>>Entry removal based on error: 0
Included genes: 1961
[Tue Sep 15 23:12:08 2026]
Error in rule runDeseqPreprocessing:
    jobid: 76
    input: pca/raw_reads.csv, pca/meta.csv
    output: pca/raw_count_distributions.pdf, pca/mean_vs_variance.pdf, pca/normalized_counts.tsv, pca/rld.tsv, pca/variance_percentages.tsv, pca/rld_cor.tsv
    conda-env: /home/qasim/hribo_work/pao1/.snakemake/conda/3ecca20d19f06eeeb72ffc04d10d1cbb_
    shell:
        
        mkdir -p pca;
        HRIBO/scripts/analyse_variance.R -r pca/raw_reads.csv -m pca/meta.csv -o pca/;
        
        (one of the commands exited with non-zero exit code; note that snakemake uses bash strict mode!)

Removing output files of failed job runDeseqPreprocessing since they might be corrupted:
pca/raw_count_distributions.pdf, pca/mean_vs_variance.pdf, pca/normalized_counts.tsv
[Tue Sep 15 23:12:08 2026]
Finished job 1.
12 of 16 steps (75%) done
No differential expression data given. Proceeding without!
[Tue Sep 15 23:12:13 2026]
Finished job 160.
13 of 16 steps (81%) done
Exiting because a job execution failed. Look above for error message
Complete log: .snakemake/log/2026-09-15T222634.834651.snakemake.log
WorkflowError:
At least one job did not complete successfully.
Sample sheet validated! No errors found!
Config file validated! No errors found!
